// Jest Snapshot v1, https://goo.gl/fbAQLP

exports[`Loader should render default ui 1`] = `
initialize {
  "0": Object {
    "attribs": Object {
      "class": "undefined icon icon-os-search-role",
    },
    "children": Array [
      Object {
        "attribs": Object {
          "aria-hidden": "true",
          "height": "1em",
          "viewBox": "0 0 34 32",
          "width": "1em",
        },
        "children": Array [
          Object {
            "attribs": Object {
              "d": "M27.337 15.763c-.794-.287-1.65-.443-2.542-.443-4.13 0-7.451 3.34-7.451 7.451 0 3.433 2.318 6.301 5.495 7.148h-18.9c-.854 0-1.547-.692-1.547-1.547V4.465c0-.854.692-1.547 1.547-1.547h21.852c.854 0 1.547.692 1.547 1.547v11.297zm-2.542 1.181c3.2 0 5.827 2.579 5.827 5.779 0 3.248-2.627 5.827-5.827 5.827-3.248 0-5.827-2.579-5.827-5.779s2.579-5.827 5.827-5.827zM5.61 23.679v1.701h8.12v-1.701H5.61zm0-5.413v1.701h11.367v-1.701H5.61zm0-5.413v1.701h14.615v-1.701H5.61zm0-5.413v1.701h16.239V7.44H5.61zm22.003 18.722c.334 0 .621-.287.621-.621 0-.191-.096-.382-.191-.478L26.132 23.2c.239-.382.382-.812.382-1.29 0-1.433-1.146-2.579-2.579-2.579s-2.579 1.146-2.579 2.579a2.568 2.568 0 0 0 2.579 2.579c.478 0 .907-.143 1.29-.382l1.911 1.863c.143.096.287.191.478.191zm-3.677-5.588c.716 0 1.29.573 1.29 1.29s-.573 1.29-1.29 1.29c-.716 0-1.29-.573-1.29-1.29s.573-1.29 1.29-1.29z",
            },
            "children": Array [],
            "name": "path",
            "namespace": "http://www.w3.org/2000/svg",
            "next": null,
            "parent": [Circular],
            "prev": null,
            "type": "tag",
            "x-attribsNamespace": Object {
              "d": undefined,
            },
            "x-attribsPrefix": Object {
              "d": undefined,
            },
          },
        ],
        "name": "svg",
        "namespace": "http://www.w3.org/2000/svg",
        "next": null,
        "parent": [Circular],
        "prev": null,
        "type": "tag",
        "x-attribsNamespace": Object {
          "aria-hidden": undefined,
          "height": undefined,
          "viewBox": undefined,
          "width": undefined,
        },
        "x-attribsPrefix": Object {
          "aria-hidden": undefined,
          "height": undefined,
          "viewBox": undefined,
          "width": undefined,
        },
      },
    ],
    "name": "span",
    "namespace": "http://www.w3.org/1999/xhtml",
    "next": null,
    "parent": null,
    "prev": null,
    "root": Object {
      "attribs": Object {},
      "children": Array [
        [Circular],
      ],
      "name": "root",
      "namespace": "http://www.w3.org/1999/xhtml",
      "next": null,
      "parent": null,
      "prev": null,
      "type": "root",
      "x-attribsNamespace": Object {},
      "x-attribsPrefix": Object {},
    },
    "type": "tag",
    "x-attribsNamespace": Object {
      "class": undefined,
    },
    "x-attribsPrefix": Object {
      "class": undefined,
    },
  },
  "_root": [Circular],
  "length": 1,
  "options": Object {
    "decodeEntities": true,
    "normalizeWhitespace": false,
    "withDomLvl1": true,
    "xml": false,
  },
}
`;
